#
# There is insufficient memory for the Java Runtime Environment to continue.
# Native memory allocation (malloc) failed to allocate 1953936 bytes. Error detail: Chunk::new
# Possible reasons:
#   The system is out of physical RAM or swap space
#   This process is running with CompressedOops enabled, and the Java Heap may be blocking the growth of the native heap
# Possible solutions:
#   Reduce memory load on the system
#   Increase physical memory or swap space
#   Check if swap backing store is full
#   Decrease Java heap size (-Xmx/-Xms)
#   Decrease number of Java threads
#   Decrease Java thread stack sizes (-Xss)
#   Set larger code cache with -XX:ReservedCodeCacheSize=
#   JVM is running with Unscaled Compressed Oops mode in which the Java heap is
#     placed in the first 4GB address space. The Java Heap base address is the
#     maximum limit for the native heap growth. Please use -XX:HeapBaseMinAddress
#     to set the Java Heap base and to place the Java Heap above 4GB virtual address.
# This output file may be truncated or incomplete.
#
#  Out of Memory Error (arena.cpp:168), pid=1916, tid=21008
#
# JRE version: OpenJDK Runtime Environment Temurin-21.0.9+10 (21.0.9+10) (build 21.0.9+10-LTS)
# Java VM: OpenJDK 64-Bit Server VM Temurin-21.0.9+10 (21.0.9+10-LTS, mixed mode, sharing, tiered, compressed oops, compressed class ptrs, g1 gc, windows-amd64)
# No core dump will be written. Minidumps are not enabled by default on client versions of Windows
#

---------------  S U M M A R Y ------------

Command Line: --enable-native-access=ALL-UNNAMED -Dclassworlds.conf=C:\Users\vigne\.m2\wrapper\dists\apache-maven-3.9.16\0daed3be3ebd1c706f0e69e8b07c6b73f5cc4ea3dfce72a8d0ec2e849ca2ddb0\bin\m2.conf -Dmaven.home=C:\Users\vigne\.m2\wrapper\dists\apache-maven-3.9.16\0daed3be3ebd1c706f0e69e8b07c6b73f5cc4ea3dfce72a8d0ec2e849ca2ddb0 -Dlibrary.jansi.path=C:\Users\vigne\.m2\wrapper\dists\apache-maven-3.9.16\0daed3be3ebd1c706f0e69e8b07c6b73f5cc4ea3dfce72a8d0ec2e849ca2ddb0\lib\jansi-native -Dmaven.multiModuleProjectDirectory=C:\Users\vigne\git\spring-boot-microservices-aws\notification-service\notification-service org.codehaus.plexus.classworlds.launcher.Launcher clean package -DskipTests

Host: AMD Ryzen 3 5300U with Radeon Graphics         , 8 cores, 7G,  Windows 11 , 64 bit Build 26100 (10.0.26100.8521)
Time: Mon Jun 29 21:41:57 2026 India Standard Time elapsed time: 51.817301 seconds (0d 0h 0m 51s)

---------------  T H R E A D  ---------------

Current thread (0x000001977c3c4980):  JavaThread "C2 CompilerThread0" daemon [_thread_in_native, id=21008, stack(0x0000005e0c600000,0x0000005e0c700000) (1024K)]


Current CompileTask:
C2:51818 7244   !   4       java.nio.file.FileTreeWalker::next (144 bytes)

Stack: [0x0000005e0c600000,0x0000005e0c700000]
Native frames: (J=compiled Java code, j=interpreted, Vv=VM code, C=native code)
V  [jvm.dll+0x6d6e29]
V  [jvm.dll+0x8b4b76]
V  [jvm.dll+0x8b712e]
V  [jvm.dll+0x8b7813]
V  [jvm.dll+0x283d86]
V  [jvm.dll+0xc66ed]
V  [jvm.dll+0xc6c31]
V  [jvm.dll+0x3be501]
V  [jvm.dll+0x38ab92]
V  [jvm.dll+0x389fda]
V  [jvm.dll+0x24bfa0]
V  [jvm.dll+0x24b580]
V  [jvm.dll+0x1cb13e]
V  [jvm.dll+0x25b29d]
V  [jvm.dll+0x25982a]
V  [jvm.dll+0x3f7ea6]
V  [jvm.dll+0x85e9ad]
V  [jvm.dll+0x6d565d]
C  [ucrtbase.dll+0x2cd30]
C  [KERNEL32.DLL+0x2e957]
C  [ntdll.dll+0x87c1c]


---------------  P R O C E S S  ---------------

Threads class SMR info:
_java_thread_list=0x00000197546f8c60, length=13, elements={
0x0000019773b05150, 0x000001977c3a6810, 0x000001977c3adfc0, 0x000001977c3b3c00,
0x000001977c3baaf0, 0x000001977c3bc260, 0x000001977c3bccb0, 0x000001977c3c4980,
0x000001977c3c6130, 0x000001977c829ea0, 0x000001977c836560, 0x000001977c92e950,
0x000001977f0276a0
}

Java Threads: ( => current thread )
  0x0000019773b05150 JavaThread "main"                              [_thread_in_Java, id=24260, stack(0x0000005e0b800000,0x0000005e0b900000) (1024K)]
  0x000001977c3a6810 JavaThread "Reference Handler"          daemon [_thread_blocked, id=5208, stack(0x0000005e0c000000,0x0000005e0c100000) (1024K)]
  0x000001977c3adfc0 JavaThread "Finalizer"                  daemon [_thread_blocked, id=27724, stack(0x0000005e0c100000,0x0000005e0c200000) (1024K)]
  0x000001977c3b3c00 JavaThread "Signal Dispatcher"          daemon [_thread_blocked, id=23112, stack(0x0000005e0c200000,0x0000005e0c300000) (1024K)]
  0x000001977c3baaf0 JavaThread "Attach Listener"            daemon [_thread_blocked, id=3552, stack(0x0000005e0c300000,0x0000005e0c400000) (1024K)]
  0x000001977c3bc260 JavaThread "Service Thread"             daemon [_thread_blocked, id=26752, stack(0x0000005e0c400000,0x0000005e0c500000) (1024K)]
  0x000001977c3bccb0 JavaThread "Monitor Deflation Thread"   daemon [_thread_blocked, id=27328, stack(0x0000005e0c500000,0x0000005e0c600000) (1024K)]
=>0x000001977c3c4980 JavaThread "C2 CompilerThread0"         daemon [_thread_in_native, id=21008, stack(0x0000005e0c600000,0x0000005e0c700000) (1024K)]
  0x000001977c3c6130 JavaThread "C1 CompilerThread0"         daemon [_thread_blocked, id=5948, stack(0x0000005e0c700000,0x0000005e0c800000) (1024K)]
  0x000001977c829ea0 JavaThread "Notification Thread"        daemon [_thread_blocked, id=28180, stack(0x0000005e0c800000,0x0000005e0c900000) (1024K)]
  0x000001977c836560 JavaThread "Common-Cleaner"             daemon [_thread_blocked, id=10952, stack(0x0000005e0c900000,0x0000005e0ca00000) (1024K)]
  0x000001977c92e950 JavaThread "Thread-1"                   daemon [_thread_blocked, id=4076, stack(0x0000005e0d200000,0x0000005e0d300000) (1024K)]
  0x000001977f0276a0 JavaThread "C2 CompilerThread1"         daemon [_thread_in_native, id=29068, stack(0x0000005e0b600000,0x0000005e0b700000) (1024K)]
Total: 13

Other Threads:
  0x000001977c390890 VMThread "VM Thread"                           [id=11892, stack(0x0000005e0bf00000,0x0000005e0c000000) (1024K)]
  0x000001977c379b40 WatcherThread "VM Periodic Task Thread"        [id=20328, stack(0x0000005e0be00000,0x0000005e0bf00000) (1024K)]
  0x0000019773b556c0 WorkerThread "GC Thread#0"                     [id=27956, stack(0x0000005e0b900000,0x0000005e0ba00000) (1024K)]
  0x000001977d26f060 WorkerThread "GC Thread#1"                     [id=27928, stack(0x0000005e0cb00000,0x0000005e0cc00000) (1024K)]
  0x000001977d2bbd40 WorkerThread "GC Thread#2"                     [id=28536, stack(0x0000005e0cc00000,0x0000005e0cd00000) (1024K)]
  0x000001977d2bc0e0 WorkerThread "GC Thread#3"                     [id=9372, stack(0x0000005e0cd00000,0x0000005e0ce00000) (1024K)]
  0x000001977d2bc890 WorkerThread "GC Thread#4"                     [id=25788, stack(0x0000005e0ce00000,0x0000005e0cf00000) (1024K)]
  0x000001977d2bcc30 WorkerThread "GC Thread#5"                     [id=3040, stack(0x0000005e0cf00000,0x0000005e0d000000) (1024K)]
  0x000001977d2bdbf0 WorkerThread "GC Thread#6"                     [id=21372, stack(0x0000005e0d000000,0x0000005e0d100000) (1024K)]
  0x000001977d2be3a0 WorkerThread "GC Thread#7"                     [id=7448, stack(0x0000005e0d100000,0x0000005e0d200000) (1024K)]
  0x0000019773b65f80 ConcurrentGCThread "G1 Main Marker"            [id=26644, stack(0x0000005e0ba00000,0x0000005e0bb00000) (1024K)]
  0x0000019773b67130 WorkerThread "G1 Conc#0"                       [id=6656, stack(0x0000005e0bb00000,0x0000005e0bc00000) (1024K)]
  0x000001977e5c37c0 WorkerThread "G1 Conc#1"                       [id=12280, stack(0x0000005e0ca00000,0x0000005e0cb00000) (1024K)]
  0x000001977c247ff0 ConcurrentGCThread "G1 Refine#0"               [id=28372, stack(0x0000005e0bc00000,0x0000005e0bd00000) (1024K)]
  0x000001977c248810 ConcurrentGCThread "G1 Service"                [id=10084, stack(0x0000005e0bd00000,0x0000005e0be00000) (1024K)]
Total: 15

Threads with active compile tasks:
C2 CompilerThread0  51937 7244   !   4       java.nio.file.FileTreeWalker::next (144 bytes)
C2 CompilerThread1  51937 7245   !   4       java.nio.file.FileTreeWalker::visit (204 bytes)
Total: 2

VM state: not at safepoint (normal execution)

VM Mutex/Monitor currently owned by a thread: None

Heap address: 0x000000008ac00000, size: 1876 MB, Compressed Oops mode: 32-bit

CDS archive(s) mapped at: [0x000001970f000000-0x000001970fc80000-0x000001970fc80000), size 13107200, SharedBaseAddress: 0x000001970f000000, ArchiveRelocationMode: 1.
Compressed class space mapped at: 0x0000019710000000-0x0000019750000000, reserved size: 1073741824
Narrow klass base: 0x000001970f000000, Narrow klass shift: 0, Narrow klass range: 0x100000000

GC Precious Log:
 CardTable entry size: 512
 Card Set container configuration: InlinePtr #cards 5 size 8 Array Of Cards #cards 12 size 40 Howl #buckets 4 coarsen threshold 1843 Howl Bitmap #cards 512 size 80 coarsen threshold 460 Card regions per heap region 1 cards per card region 2048
 CPUs: 8 total, 8 available
 Memory: 7502M
 Large Page Support: Disabled
 NUMA Support: Disabled
 Compressed Oops: Enabled (32-bit)
 Heap Region Size: 1M
 Heap Min Capacity: 8M
 Heap Initial Capacity: 118M
 Heap Max Capacity: 1876M
 Pre-touch: Disabled
 Parallel Workers: 8
 Concurrent Workers: 2
 Concurrent Refinement Workers: 8
 Periodic GC: Disabled

Heap:
 garbage-first heap   total 120832K, used 65024K [0x000000008ac00000, 0x0000000100000000)
  region size 1024K, 9 young (9216K), 7 survivors (7168K)
 Metaspace       used 30496K, committed 30976K, reserved 1114112K
  class space    used 3513K, committed 3712K, reserved 1048576K

Heap Regions: E=young(eden), S=young(survivor), O=old, HS=humongous(starts), HC=humongous(continues), CS=collection set, F=free, TAMS=top-at-mark-start, PB=parsable bottom
|   0|0x000000008ac00000, 0x000000008ad00000, 0x000000008ad00000|100%| O|  |TAMS 0x000000008ac00000| PB 0x000000008ac00000| Untracked 
|   1|0x000000008ad00000, 0x000000008ae00000, 0x000000008ae00000|100%| O|  |TAMS 0x000000008ad00000| PB 0x000000008ad00000| Untracked 
|   2|0x000000008ae00000, 0x000000008af00000, 0x000000008af00000|100%| O|  |TAMS 0x000000008ae00000| PB 0x000000008ae00000| Untracked 
|   3|0x000000008af00000, 0x000000008b000000, 0x000000008b000000|100%| O|  |TAMS 0x000000008af00000| PB 0x000000008af00000| Untracked 
|   4|0x000000008b000000, 0x000000008b100000, 0x000000008b100000|100%| O|  |TAMS 0x000000008b000000| PB 0x000000008b000000| Untracked 
|   5|0x000000008b100000, 0x000000008b200000, 0x000000008b200000|100%| O|  |TAMS 0x000000008b100000| PB 0x000000008b100000| Untracked 
|   6|0x000000008b200000, 0x000000008b300000, 0x000000008b300000|100%| O|  |TAMS 0x000000008b200000| PB 0x000000008b200000| Untracked 
|   7|0x000000008b300000, 0x000000008b400000, 0x000000008b400000|100%| O|  |TAMS 0x000000008b300000| PB 0x000000008b300000| Untracked 
|   8|0x000000008b400000, 0x000000008b500000, 0x000000008b500000|100%| O|  |TAMS 0x000000008b400000| PB 0x000000008b400000| Untracked 
|   9|0x000000008b500000, 0x000000008b600000, 0x000000008b600000|100%| O|  |TAMS 0x000000008b500000| PB 0x000000008b500000| Untracked 
|  10|0x000000008b600000, 0x000000008b700000, 0x000000008b700000|100%| O|  |TAMS 0x000000008b600000| PB 0x000000008b600000| Untracked 
|  11|0x000000008b700000, 0x000000008b700000, 0x000000008b800000|  0%| F|  |TAMS 0x000000008b700000| PB 0x000000008b700000| Untracked 
|  12|0x000000008b800000, 0x000000008b800000, 0x000000008b900000|  0%| F|  |TAMS 0x000000008b800000| PB 0x000000008b800000| Untracked 
|  13|0x000000008b900000, 0x000000008ba00000, 0x000000008ba00000|100%| O|  |TAMS 0x000000008b900000| PB 0x000000008b900000| Untracked 
|  14|0x000000008ba00000, 0x000000008bb00000, 0x000000008bb00000|100%| O|  |TAMS 0x000000008ba00000| PB 0x000000008ba00000| Untracked 
|  15|0x000000008bb00000, 0x000000008bc00000, 0x000000008bc00000|100%| O|  |TAMS 0x000000008bb00000| PB 0x000000008bb00000| Untracked 
|  16|0x000000008bc00000, 0x000000008bd00000, 0x000000008bd00000|100%|HS|  |TAMS 0x000000008bc00000| PB 0x000000008bc00000| Complete 
|  17|0x000000008bd00000, 0x000000008be00000, 0x000000008be00000|100%|HC|  |TAMS 0x000000008bd00000| PB 0x000000008bd00000| Complete 
|  18|0x000000008be00000, 0x000000008bf00000, 0x000000008bf00000|100%| O|  |TAMS 0x000000008be00000| PB 0x000000008be00000| Untracked 
|  19|0x000000008bf00000, 0x000000008c000000, 0x000000008c000000|100%| O|  |TAMS 0x000000008bf00000| PB 0x000000008bf00000| Untracked 
|  20|0x000000008c000000, 0x000000008c100000, 0x000000008c100000|100%| O|  |TAMS 0x000000008c000000| PB 0x000000008c000000| Untracked 
|  21|0x000000008c100000, 0x000000008c200000, 0x000000008c200000|100%|HS|  |TAMS 0x000000008c100000| PB 0x000000008c100000| Complete 
|  22|0x000000008c200000, 0x000000008c300000, 0x000000008c300000|100%| O|  |TAMS 0x000000008c200000| PB 0x000000008c200000| Untracked 
|  23|0x000000008c300000, 0x000000008c400000, 0x000000008c400000|100%| O|  |TAMS 0x000000008c300000| PB 0x000000008c300000| Untracked 
|  24|0x000000008c400000, 0x000000008c500000, 0x000000008c500000|100%| O|  |TAMS 0x000000008c400000| PB 0x000000008c400000| Untracked 
|  25|0x000000008c500000, 0x000000008c600000, 0x000000008c600000|100%| O|  |TAMS 0x000000008c500000| PB 0x000000008c500000| Untracked 
|  26|0x000000008c600000, 0x000000008c700000, 0x000000008c700000|100%| O|  |TAMS 0x000000008c600000| PB 0x000000008c600000| Untracked 
|  27|0x000000008c700000, 0x000000008c800000, 0x000000008c800000|100%| O|  |TAMS 0x000000008c700000| PB 0x000000008c700000| Untracked 
|  28|0x000000008c800000, 0x000000008c900000, 0x000000008c900000|100%| O|  |TAMS 0x000000008c800000| PB 0x000000008c800000| Untracked 
|  29|0x000000008c900000, 0x000000008ca00000, 0x000000008ca00000|100%| O|  |TAMS 0x000000008c900000| PB 0x000000008c900000| Untracked 
|  30|0x000000008ca00000, 0x000000008ca00000, 0x000000008cb00000|  0%| F|  |TAMS 0x000000008ca00000| PB 0x000000008ca00000| Untracked 
|  31|0x000000008cb00000, 0x000000008cb00000, 0x000000008cc00000|  0%| F|  |TAMS 0x000000008cb00000| PB 0x000000008cb00000| Untracked 
|  32|0x000000008cc00000, 0x000000008cd00000, 0x000000008cd00000|100%|HS|  |TAMS 0x000000008cc00000| PB 0x000000008cc00000| Complete 
|  33|0x000000008cd00000, 0x000000008ce00000, 0x000000008ce00000|100%|HC|  |TAMS 0x000000008cd00000| PB 0x000000008cd00000| Complete 
|  34|0x000000008ce00000, 0x000000008cf00000, 0x000000008cf00000|100%|HS|  |TAMS 0x000000008ce00000| PB 0x000000008ce00000| Complete 
|  35|0x000000008cf00000, 0x000000008cf00000, 0x000000008d000000|  0%| F|  |TAMS 0x000000008cf00000| PB 0x000000008cf00000| Untracked 
|  36|0x000000008d000000, 0x000000008d100000, 0x000000008d100000|100%|HS|  |TAMS 0x000000008d000000| PB 0x000000008d000000| Complete 
|  37|0x000000008d100000, 0x000000008d200000, 0x000000008d200000|100%| O|  |TAMS 0x000000008d100000| PB 0x000000008d100000| Untracked 
|  38|0x000000008d200000, 0x000000008d300000, 0x000000008d300000|100%| O|  |TAMS 0x000000008d200000| PB 0x000000008d200000| Untracked 
|  39|0x000000008d300000, 0x000000008d300000, 0x000000008d400000|  0%| F|  |TAMS 0x000000008d300000| PB 0x000000008d300000| Untracked 
|  40|0x000000008d400000, 0x000000008d400000, 0x000000008d500000|  0%| F|  |TAMS 0x000000008d400000| PB 0x000000008d400000| Untracked 
|  41|0x000000008d500000, 0x000000008d500000, 0x000000008d600000|  0%| F|  |TAMS 0x000000008d500000| PB 0x000000008d500000| Untracked 
|  42|0x000000008d600000, 0x000000008d700000, 0x000000008d700000|100%| O|  |TAMS 0x000000008d600000| PB 0x000000008d600000| Untracked 
|  43|0x000000008d700000, 0x000000008d800000, 0x000000008d800000|100%| O|  |TAMS 0x000000008d700000| PB 0x000000008d700000| Untracked 
|  44|0x000000008d800000, 0x000000008d900000, 0x000000008d900000|100%| O|  |TAMS 0x000000008d800000| PB 0x000000008d800000| Untracked 
|  45|0x000000008d900000, 0x000000008da00000, 0x000000008da00000|100%| S|CS|TAMS 0x000000008d900000| PB 0x000000008d900000| Complete 
|  46|0x000000008da00000, 0x000000008db00000, 0x000000008db00000|100%| S|CS|TAMS 0x000000008da00000| PB 0x000000008da00000| Complete 
|  47|0x000000008db00000, 0x000000008dc00000, 0x000000008dc00000|100%| S|CS|TAMS 0x000000008db00000| PB 0x000000008db00000| Complete 
|  48|0x000000008dc00000, 0x000000008dd00000, 0x000000008dd00000|100%| S|CS|TAMS 0x000000008dc00000| PB 0x000000008dc00000| Complete 
|  49|0x000000008dd00000, 0x000000008de00000, 0x000000008de00000|100%| S|CS|TAMS 0x000000008dd00000| PB 0x000000008dd00000| Complete 
|  50|0x000000008de00000, 0x000000008df00000, 0x000000008df00000|100%| S|CS|TAMS 0x000000008de00000| PB 0x000000008de00000| Complete 
|  51|0x000000008df00000, 0x000000008e000000, 0x000000008e000000|100%| S|CS|TAMS 0x000000008df00000| PB 0x000000008df00000| Complete 
|  52|0x000000008e000000, 0x000000008e000000, 0x000000008e100000|  0%| F|  |TAMS 0x000000008e000000| PB 0x000000008e000000| Untracked 
|  53|0x000000008e100000, 0x000000008e100000, 0x000000008e200000|  0%| F|  |TAMS 0x000000008e100000| PB 0x000000008e100000| Untracked 
|  54|0x000000008e200000, 0x000000008e200000, 0x000000008e300000|  0%| F|  |TAMS 0x000000008e200000| PB 0x000000008e200000| Untracked 
|  55|0x000000008e300000, 0x000000008e300000, 0x000000008e400000|  0%| F|  |TAMS 0x000000008e300000| PB 0x000000008e300000| Untracked 
|  56|0x000000008e400000, 0x000000008e400000, 0x000000008e500000|  0%| F|  |TAMS 0x000000008e400000| PB 0x000000008e400000| Untracked 
|  57|0x000000008e500000, 0x000000008e500000, 0x000000008e600000|  0%| F|  |TAMS 0x000000008e500000| PB 0x000000008e500000| Untracked 
|  58|0x000000008e600000, 0x000000008e600000, 0x000000008e700000|  0%| F|  |TAMS 0x000000008e600000| PB 0x000000008e600000| Untracked 
|  59|0x000000008e700000, 0x000000008e700000, 0x000000008e800000|  0%| F|  |TAMS 0x000000008e700000| PB 0x000000008e700000| Untracked 
|  60|0x000000008e800000, 0x000000008e800000, 0x000000008e900000|  0%| F|  |TAMS 0x000000008e800000| PB 0x000000008e800000| Untracked 
|  61|0x000000008e900000, 0x000000008e900000, 0x000000008ea00000|  0%| F|  |TAMS 0x000000008e900000| PB 0x000000008e900000| Untracked 
|  62|0x000000008ea00000, 0x000000008ea00000, 0x000000008eb00000|  0%| F|  |TAMS 0x000000008ea00000| PB 0x000000008ea00000| Untracked 
|  63|0x000000008eb00000, 0x000000008eb00000, 0x000000008ec00000|  0%| F|  |TAMS 0x000000008eb00000| PB 0x000000008eb00000| Untracked 
|  64|0x000000008ec00000, 0x000000008ec00000, 0x000000008ed00000|  0%| F|  |TAMS 0x000000008ec00000| PB 0x000000008ec00000| Untracked 
|  65|0x000000008ed00000, 0x000000008ed00000, 0x000000008ee00000|  0%| F|  |TAMS 0x000000008ed00000| PB 0x000000008ed00000| Untracked 
|  66|0x000000008ee00000, 0x000000008ee00000, 0x000000008ef00000|  0%| F|  |TAMS 0x000000008ee00000| PB 0x000000008ee00000| Untracked 
|  67|0x000000008ef00000, 0x000000008ef00000, 0x000000008f000000|  0%| F|  |TAMS 0x000000008ef00000| PB 0x000000008ef00000| Untracked 
|  68|0x000000008f000000, 0x000000008f000000, 0x000000008f100000|  0%| F|  |TAMS 0x000000008f000000| PB 0x000000008f000000| Untracked 
|  69|0x000000008f100000, 0x000000008f100000, 0x000000008f200000|  0%| F|  |TAMS 0x000000008f100000| PB 0x000000008f100000| Untracked 
|  70|0x000000008f200000, 0x000000008f200000, 0x000000008f300000|  0%| F|  |TAMS 0x000000008f200000| PB 0x000000008f200000| Untracked 
|  71|0x000000008f300000, 0x000000008f300000, 0x000000008f400000|  0%| F|  |TAMS 0x000000008f300000| PB 0x000000008f300000| Untracked 
|  72|0x000000008f400000, 0x000000008f400000, 0x000000008f500000|  0%| F|  |TAMS 0x000000008f400000| PB 0x000000008f400000| Untracked 
|  73|0x000000008f500000, 0x000000008f500000, 0x000000008f600000|  0%| F|  |TAMS 0x000000008f500000| PB 0x000000008f500000| Untracked 
|  74|0x000000008f600000, 0x000000008f600000, 0x000000008f700000|  0%| F|  |TAMS 0x000000008f600000| PB 0x000000008f600000| Untracked 
|  75|0x000000008f700000, 0x000000008f700000, 0x000000008f800000|  0%| F|  |TAMS 0x000000008f700000| PB 0x000000008f700000| Untracked 
|  76|0x000000008f800000, 0x000000008f800000, 0x000000008f900000|  0%| F|  |TAMS 0x000000008f800000| PB 0x000000008f800000| Untracked 
|  77|0x000000008f900000, 0x000000008f900000, 0x000000008fa00000|  0%| F|  |TAMS 0x000000008f900000| PB 0x000000008f900000| Untracked 
|  78|0x000000008fa00000, 0x000000008fa00000, 0x000000008fb00000|  0%| F|  |TAMS 0x000000008fa00000| PB 0x000000008fa00000| Untracked 
|  79|0x000000008fb00000, 0x000000008fb00000, 0x000000008fc00000|  0%| F|  |TAMS 0x000000008fb00000| PB 0x000000008fb00000| Untracked 
|  80|0x000000008fc00000, 0x000000008fc00000, 0x000000008fd00000|  0%| F|  |TAMS 0x000000008fc00000| PB 0x000000008fc00000| Untracked 
|  81|0x000000008fd00000, 0x000000008fd00000, 0x000000008fe00000|  0%| F|  |TAMS 0x000000008fd00000| PB 0x000000008fd00000| Untracked 
|  82|0x000000008fe00000, 0x000000008fe00000, 0x000000008ff00000|  0%| F|  |TAMS 0x000000008fe00000| PB 0x000000008fe00000| Untracked 
|  83|0x000000008ff00000, 0x000000008ff00000, 0x0000000090000000|  0%| F|  |TAMS 0x000000008ff00000| PB 0x000000008ff00000| Untracked 
|  84|0x0000000090000000, 0x0000000090000000, 0x0000000090100000|  0%| F|  |TAMS 0x0000000090000000| PB 0x0000000090000000| Untracked 
|  85|0x0000000090100000, 0x0000000090100000, 0x0000000090200000|  0%| F|  |TAMS 0x0000000090100000| PB 0x0000000090100000| Untracked 
|  86|0x0000000090200000, 0x0000000090200000, 0x0000000090300000|  0%| F|  |TAMS 0x0000000090200000| PB 0x0000000090200000| Untracked 
|  87|0x0000000090300000, 0x0000000090300000, 0x0000000090400000|  0%| F|  |TAMS 0x0000000090300000| PB 0x0000000090300000| Untracked 
|  88|0x0000000090400000, 0x0000000090400000, 0x0000000090500000|  0%| F|  |TAMS 0x0000000090400000| PB 0x0000000090400000| Untracked 
|  89|0x0000000090500000, 0x0000000090500000, 0x0000000090600000|  0%| F|  |TAMS 0x0000000090500000| PB 0x0000000090500000| Untracked 
|  90|0x0000000090600000, 0x0000000090600000, 0x0000000090700000|  0%| F|  |TAMS 0x0000000090600000| PB 0x0000000090600000| Untracked 
|  91|0x0000000090700000, 0x0000000090700000, 0x0000000090800000|  0%| F|  |TAMS 0x0000000090700000| PB 0x0000000090700000| Untracked 
|  92|0x0000000090800000, 0x0000000090800000, 0x0000000090900000|  0%| F|  |TAMS 0x0000000090800000| PB 0x0000000090800000| Untracked 
|  93|0x0000000090900000, 0x0000000090900000, 0x0000000090a00000|  0%| F|  |TAMS 0x0000000090900000| PB 0x0000000090900000| Untracked 
|  94|0x0000000090a00000, 0x0000000090a00000, 0x0000000090b00000|  0%| F|  |TAMS 0x0000000090a00000| PB 0x0000000090a00000| Untracked 
|  95|0x0000000090b00000, 0x0000000090b00000, 0x0000000090c00000|  0%| F|  |TAMS 0x0000000090b00000| PB 0x0000000090b00000| Untracked 
|  96|0x0000000090c00000, 0x0000000090c00000, 0x0000000090d00000|  0%| F|  |TAMS 0x0000000090c00000| PB 0x0000000090c00000| Untracked 
| 116|0x0000000092000000, 0x0000000092080000, 0x0000000092100000| 50%| E|  |TAMS 0x0000000092000000| PB 0x0000000092000000| Complete 
| 117|0x0000000092100000, 0x0000000092200000, 0x0000000092200000|100%| E|CS|TAMS 0x0000000092100000| PB 0x0000000092100000| Complete 
|1857|0x00000000fed00000, 0x00000000fed80000, 0x00000000fee00000| 50%| O|  |TAMS 0x00000000fed00000| PB 0x00000000fed00000| Untracked 
|1858|0x00000000fee00000, 0x00000000fef00000, 0x00000000fef00000|100%| O|  |TAMS 0x00000000fee00000| PB 0x00000000fee00000| Untracked 
|1859|0x00000000fef00000, 0x00000000ff000000, 0x00000000ff000000|100%| O|  |TAMS 0x00000000fef00000| PB 0x00000000fef00000| Untracked 
|1860|0x00000000ff000000, 0x00000000ff100000, 0x00000000ff100000|100%| O|  |TAMS 0x00000000ff000000| PB 0x00000000ff000000| Untracked 
|1861|0x00000000ff100000, 0x00000000ff200000, 0x00000000ff200000|100%| O|  |TAMS 0x00000000ff100000| PB 0x00000000ff100000| Untracked 
|1862|0x00000000ff200000, 0x00000000ff300000, 0x00000000ff300000|100%| O|  |TAMS 0x00000000ff200000| PB 0x00000000ff200000| Untracked 
|1863|0x00000000ff300000, 0x00000000ff400000, 0x00000000ff400000|100%| O|  |TAMS 0x00000000ff300000| PB 0x00000000ff300000| Untracked 
|1864|0x00000000ff400000, 0x00000000ff500000, 0x00000000ff500000|100%| O|  |TAMS 0x00000000ff400000| PB 0x00000000ff400000| Untracked 
|1865|0x00000000ff500000, 0x00000000ff600000, 0x00000000ff600000|100%| O|  |TAMS 0x00000000ff500000| PB 0x00000000ff500000| Untracked 
|1866|0x00000000ff600000, 0x00000000ff700000, 0x00000000ff700000|100%| O|  |TAMS 0x00000000ff600000| PB 0x00000000ff600000| Untracked 
|1867|0x00000000ff700000, 0x00000000ff800000, 0x00000000ff800000|100%| O|  |TAMS 0x00000000ff700000| PB 0x00000000ff700000| Untracked 
|1868|0x00000000ff800000, 0x00000000ff900000, 0x00000000ff900000|100%| O|  |TAMS 0x00000000ff800000| PB 0x00000000ff800000| Untracked 
|1869|0x00000000ff900000, 0x00000000ffa00000, 0x00000000ffa00000|100%| O|  |TAMS 0x00000000ff900000| PB 0x00000000ff900000| Untracked 
|1870|0x00000000ffa00000, 0x00000000ffb00000, 0x00000000ffb00000|100%| O|  |TAMS 0x00000000ffa00000| PB 0x00000000ffa00000| Untracked 
|1871|0x00000000ffb00000, 0x00000000ffc00000, 0x00000000ffc00000|100%| O|  |TAMS 0x00000000ffb00000| PB 0x00000000ffb00000| Untracked 
|1872|0x00000000ffc00000, 0x00000000ffd00000, 0x00000000ffd00000|100%| O|  |TAMS 0x00000000ffc00000| PB 0x00000000ffc00000| Untracked 
|1873|0x00000000ffd00000, 0x00000000ffe00000, 0x00000000ffe00000|100%| O|  |TAMS 0x00000000ffd00000| PB 0x00000000ffd00000| Untracked 
|1874|0x00000000ffe00000, 0x00000000fff00000, 0x00000000fff00000|100%| O|  |TAMS 0x00000000ffe00000| PB 0x00000000ffe00000| Untracked 
|1875|0x00000000fff00000, 0x0000000100000000, 0x0000000100000000|100%| O|  |TAMS 0x00000000fff00000| PB 0x00000000fff00000| Untracked 

Card table byte_map: [0x0000019777b80000,0x0000019777f30000] _byte_map_base: 0x000001977772a000

Marking Bits: (CMBitMap*) 0x0000019773b55cd0
 Bits: [0x0000019777f30000, 0x0000019779c80000)

Polling page: 0x0000019771980000

Metaspace:

Usage:
  Non-class:     26.35 MB used.
      Class:      3.43 MB used.
       Both:     29.78 MB used.

Virtual space:
  Non-class space:       64.00 MB reserved,      26.62 MB ( 42%) committed,  1 nodes.
      Class space:        1.00 GB reserved,       3.62 MB ( <1%) committed,  1 nodes.
             Both:        1.06 GB reserved,      30.25 MB (  3%) committed. 

Chunk freelists:
   Non-Class:  5.27 MB
       Class:  12.33 MB
        Both:  17.59 MB

MaxMetaspaceSize: unlimited
CompressedClassSpaceSize: 1.00 GB
Initial GC threshold: 21.00 MB
Current GC threshold: 35.94 MB
CDS: on
 - commit_granule_bytes: 65536.
 - commit_granule_words: 8192.
 - virtual_space_node_default_size: 8388608.
 - enlarge_chunks_in_place: 1.
 - use_allocation_guard: 0.


Internal statistics:

num_allocs_failed_limit: 6.
num_arena_births: 458.
num_arena_deaths: 0.
num_vsnodes_births: 2.
num_vsnodes_deaths: 0.
num_space_committed: 484.
num_space_uncommitted: 0.
num_chunks_returned_to_freelist: 6.
num_chunks_taken_from_freelist: 1591.
num_chunk_merges: 6.
num_chunk_splits: 1114.
num_chunks_enlarged: 842.
num_inconsistent_stats: 0.

CodeHeap 'non-profiled nmethods': size=120000Kb used=4523Kb max_used=4523Kb free=115477Kb
 bounds [0x0000019707ad0000, 0x0000019707f40000, 0x000001970f000000]
CodeHeap 'profiled nmethods': size=120000Kb used=16049Kb max_used=16049Kb free=103950Kb
 bounds [0x0000019700000000, 0x0000019700fb0000, 0x0000019707530000]
CodeHeap 'non-nmethods': size=5760Kb used=1391Kb max_used=1423Kb free=4368Kb
 bounds [0x0000019707530000, 0x00000197077a0000, 0x0000019707ad0000]
CodeCache: size=245760Kb, used=21963Kb, max_used=21995Kb, free=223795Kb
 total_blobs=7790, nmethods=7242, adapters=452, full_count=0
Compilation: enabled, stopped_count=0, restarted_count=0

Compilation events (20 events):
Event: 50.962 Thread 0x000001977c3c4980 nmethod 7237 0x0000019707f2a990 code [0x0000019707f2ab20, 0x0000019707f2aba8]
Event: 50.962 Thread 0x000001977c3c4980 7230       4       com.sun.tools.javac.platform.JDKPlatformProvider$PlatformDescriptionImpl$SigJavaFileObject::getKind (4 bytes)
Event: 50.962 Thread 0x000001977c3c4980 nmethod 7230 0x0000019707f2ac90 code [0x0000019707f2ae20, 0x0000019707f2aeb0]
Event: 50.987 Thread 0x000001977c3c4980 7238   !   4       jdk.nio.zipfs.ZipFileSystem::getFileAttributes (169 bytes)
Event: 50.991 Thread 0x000001977f0276a0 nmethod 7195 0x0000019707f2af90 code [0x0000019707f2b240, 0x0000019707f2c860]
Event: 51.017 Thread 0x000001977c3c6130 7239   !   3       jdk.nio.zipfs.ZipFileSystem::newInputStream (76 bytes)
Event: 51.019 Thread 0x000001977c3c6130 nmethod 7239 0x0000019700fa8710 code [0x0000019700fa8a40, 0x0000019700fa9e00]
Event: 51.020 Thread 0x000001977c3c6130 7240       3       jdk.nio.zipfs.ZipFileSystem$EntryInputStream::<init> (88 bytes)
Event: 51.021 Thread 0x000001977c3c6130 nmethod 7240 0x0000019700faa710 code [0x0000019700faa920, 0x0000019700faaeb0]
Event: 51.021 Thread 0x000001977c3c6130 7241   !   3       jdk.nio.zipfs.ZipFileSystem::getInflater (55 bytes)
Event: 51.022 Thread 0x000001977c3c6130 nmethod 7241 0x0000019700fab110 code [0x0000019700fab300, 0x0000019700fab8e0]
Event: 51.022 Thread 0x000001977c3c6130 7242       3       jdk.nio.zipfs.ZipFileSystem$2::close (45 bytes)
Event: 51.023 Thread 0x000001977c3c6130 nmethod 7242 0x0000019700fabb90 code [0x0000019700fabd60, 0x0000019700fac0a0]
Event: 51.029 Thread 0x000001977f0276a0 7243       4       jdk.nio.zipfs.ZipFileSystemProvider::readAttributes (9 bytes)
Event: 51.268 Thread 0x000001977c3c4980 nmethod 7238 0x0000019707f2d410 code [0x0000019707f2d8e0, 0x0000019707f31468]
Event: 51.269 Thread 0x000001977c3c4980 7244   !   4       java.nio.file.FileTreeWalker::next (144 bytes)
Event: 51.286 Thread 0x000001977c3c6130 7247       3       java.util.Collections$SingletonMap::containsKey (9 bytes)
Event: 51.286 Thread 0x000001977c3c6130 nmethod 7247 0x0000019700fac210 code [0x0000019700fac3c0, 0x0000019700fac698]
Event: 51.391 Thread 0x000001977f0276a0 nmethod 7243 0x0000019707f33a10 code [0x0000019707f33f20, 0x0000019707f38230]
Event: 51.392 Thread 0x000001977f0276a0 7245   !   4       java.nio.file.FileTreeWalker::visit (204 bytes)

GC Heap History (16 events):
Event: 1.927 GC heap before
{Heap before GC invocations=0 (full 0):
 garbage-first heap   total 120832K, used 22528K [0x000000008ac00000, 0x0000000100000000)
  region size 1024K, 23 young (23552K), 0 survivors (0K)
 Metaspace       used 5672K, committed 5888K, reserved 1114112K
  class space    used 670K, committed 768K, reserved 1048576K
}
Event: 1.948 GC heap after
{Heap after GC invocations=1 (full 0):
 garbage-first heap   total 120832K, used 3616K [0x000000008ac00000, 0x0000000100000000)
  region size 1024K, 3 young (3072K), 3 survivors (3072K)
 Metaspace       used 5672K, committed 5888K, reserved 1114112K
  class space    used 670K, committed 768K, reserved 1048576K
}
Event: 4.626 GC heap before
{Heap before GC invocations=1 (full 0):
 garbage-first heap   total 120832K, used 34336K [0x000000008ac00000, 0x0000000100000000)
  region size 1024K, 33 young (33792K), 3 survivors (3072K)
 Metaspace       used 8603K, committed 8768K, reserved 1114112K
  class space    used 1029K, committed 1088K, reserved 1048576K
}
Event: 4.639 GC heap after
{Heap after GC invocations=2 (full 0):
 garbage-first heap   total 120832K, used 4997K [0x000000008ac00000, 0x0000000100000000)
  region size 1024K, 2 young (2048K), 2 survivors (2048K)
 Metaspace       used 8603K, committed 8768K, reserved 1114112K
  class space    used 1029K, committed 1088K, reserved 1048576K
}
Event: 8.474 GC heap before
{Heap before GC invocations=2 (full 0):
 garbage-first heap   total 120832K, used 74629K [0x000000008ac00000, 0x0000000100000000)
  region size 1024K, 70 young (71680K), 2 survivors (2048K)
 Metaspace       used 15705K, committed 15936K, reserved 1114112K
  class space    used 1872K, committed 1984K, reserved 1048576K
}
Event: 8.507 GC heap after
{Heap after GC invocations=3 (full 0):
 garbage-first heap   total 120832K, used 12918K [0x000000008ac00000, 0x0000000100000000)
  region size 1024K, 9 young (9216K), 9 survivors (9216K)
 Metaspace       used 15705K, committed 15936K, reserved 1114112K
  class space    used 1872K, committed 1984K, reserved 1048576K
}
Event: 10.842 GC heap before
{Heap before GC invocations=3 (full 0):
 garbage-first heap   total 120832K, used 75382K [0x000000008ac00000, 0x0000000100000000)
  region size 1024K, 70 young (71680K), 9 survivors (9216K)
 Metaspace       used 16439K, committed 16640K, reserved 1114112K
  class space    used 1903K, committed 1984K, reserved 1048576K
}
Event: 10.879 GC heap after
{Heap after GC invocations=4 (full 0):
 garbage-first heap   total 120832K, used 16662K [0x000000008ac00000, 0x0000000100000000)
  region size 1024K, 5 young (5120K), 5 survivors (5120K)
 Metaspace       used 16439K, committed 16640K, reserved 1114112K
  class space    used 1903K, committed 1984K, reserved 1048576K
}
Event: 13.729 GC heap before
{Heap before GC invocations=4 (full 0):
 garbage-first heap   total 120832K, used 83222K [0x000000008ac00000, 0x0000000100000000)
  region size 1024K, 70 young (71680K), 5 survivors (5120K)
 Metaspace       used 17992K, committed 18304K, reserved 1114112K
  class space    used 2044K, committed 2176K, reserved 1048576K
}
Event: 13.747 GC heap after
{Heap after GC invocations=5 (full 0):
 garbage-first heap   total 120832K, used 19222K [0x000000008ac00000, 0x0000000100000000)
  region size 1024K, 7 young (7168K), 7 survivors (7168K)
 Metaspace       used 17992K, committed 18304K, reserved 1114112K
  class space    used 2044K, committed 2176K, reserved 1048576K
}
Event: 22.602 GC heap before
{Heap before GC invocations=5 (full 0):
 garbage-first heap   total 120832K, used 59158K [0x000000008ac00000, 0x0000000100000000)
  region size 1024K, 42 young (43008K), 7 survivors (7168K)
 Metaspace       used 21144K, committed 21504K, reserved 1114112K
  class space    used 2397K, committed 2560K, reserved 1048576K
}
Event: 22.636 GC heap after
{Heap after GC invocations=6 (full 0):
 garbage-first heap   total 120832K, used 27648K [0x000000008ac00000, 0x0000000100000000)
  region size 1024K, 8 young (8192K), 8 survivors (8192K)
 Metaspace       used 21144K, committed 21504K, reserved 1114112K
  class space    used 2397K, committed 2560K, reserved 1048576K
}
Event: 27.203 GC heap before
{Heap before GC invocations=7 (full 0):
 garbage-first heap   total 92160K, used 91136K [0x000000008ac00000, 0x0000000100000000)
  region size 1024K, 68 young (69632K), 8 survivors (8192K)
 Metaspace       used 26714K, committed 27136K, reserved 1114112K
  class space    used 3070K, committed 3264K, reserved 1048576K
}
Event: 27.250 GC heap after
{Heap after GC invocations=8 (full 0):
 garbage-first heap   total 114688K, used 41984K [0x000000008ac00000, 0x0000000100000000)
  region size 1024K, 9 young (9216K), 9 survivors (9216K)
 Metaspace       used 26714K, committed 27136K, reserved 1114112K
  class space    used 3070K, committed 3264K, reserved 1048576K
}
Event: 35.678 GC heap before
{Heap before GC invocations=8 (full 0):
 garbage-first heap   total 114688K, used 90112K [0x000000008ac00000, 0x0000000100000000)
  region size 1024K, 57 young (58368K), 9 survivors (9216K)
 Metaspace       used 30294K, committed 30848K, reserved 1114112K
  class space    used 3493K, committed 3712K, reserved 1048576K
}
Event: 35.720 GC heap after
{Heap after GC invocations=9 (full 0):
 garbage-first heap   total 114688K, used 45056K [0x000000008ac00000, 0x0000000100000000)
  region size 1024K, 3 young (3072K), 3 survivors (3072K)
 Metaspace       used 30294K, committed 30848K, reserved 1114112K
  class space    used 3493K, committed 3712K, reserved 1048576K
}

Dll operation events (8 events):
Event: 0.018 Loaded shared library C:\Users\vigne\.p2\pool\plugins\org.eclipse.justj.openjdk.hotspot.jre.full.win32.x86_64_21.0.9.v20251105-0741\jre\bin\java.dll
Event: 0.091 Loaded shared library C:\Users\vigne\.p2\pool\plugins\org.eclipse.justj.openjdk.hotspot.jre.full.win32.x86_64_21.0.9.v20251105-0741\jre\bin\zip.dll
Event: 0.143 Loaded shared library C:\Users\vigne\.p2\pool\plugins\org.eclipse.justj.openjdk.hotspot.jre.full.win32.x86_64_21.0.9.v20251105-0741\jre\bin\net.dll
Event: 0.149 Loaded shared library C:\Users\vigne\.p2\pool\plugins\org.eclipse.justj.openjdk.hotspot.jre.full.win32.x86_64_21.0.9.v20251105-0741\jre\bin\nio.dll
Event: 0.156 Loaded shared library C:\Users\vigne\.p2\pool\plugins\org.eclipse.justj.openjdk.hotspot.jre.full.win32.x86_64_21.0.9.v20251105-0741\jre\bin\zip.dll
Event: 0.638 Loaded shared library C:\Users\vigne\.p2\pool\plugins\org.eclipse.justj.openjdk.hotspot.jre.full.win32.x86_64_21.0.9.v20251105-0741\jre\bin\jimage.dll
Event: 0.639 Loaded shared library C:\Users\vigne\.m2\wrapper\dists\apache-maven-3.9.16\0daed3be3ebd1c706f0e69e8b07c6b73f5cc4ea3dfce72a8d0ec2e849ca2ddb0\lib\jansi-native\Windows\x86_64\jansi.dll
Event: 0.683 Loaded shared library C:\Users\vigne\.p2\pool\plugins\org.eclipse.justj.openjdk.hotspot.jre.full.win32.x86_64_21.0.9.v20251105-0741\jre\bin\verify.dll

Deoptimization events (20 events):
Event: 49.909 Thread 0x0000019773b05150 DEOPT PACKING pc=0x0000019707b12b6c sp=0x0000005e0b8fda50
Event: 49.909 Thread 0x0000019773b05150 DEOPT UNPACKING pc=0x0000019707584422 sp=0x0000005e0b8fda20 mode 2
Event: 49.912 Thread 0x0000019773b05150 Uncommon trap: trap_request=0xffffffde fr.pc=0x0000019707b12b6c relative=0x000000000000076c
Event: 49.912 Thread 0x0000019773b05150 Uncommon trap: reason=class_check action=maybe_recompile pc=0x0000019707b12b6c method=jdk.internal.loader.URLClassPath.getLoader(I)Ljdk/internal/loader/URLClassPath$Loader; @ 88 c2
Event: 49.912 Thread 0x0000019773b05150 DEOPT PACKING pc=0x0000019707b12b6c sp=0x0000005e0b8fda50
Event: 49.921 Thread 0x0000019773b05150 DEOPT UNPACKING pc=0x0000019707584422 sp=0x0000005e0b8fda20 mode 2
Event: 49.933 Thread 0x0000019773b05150 DEOPT PACKING pc=0x0000019700f86221 sp=0x0000005e0b8fcfc0
Event: 49.933 Thread 0x0000019773b05150 DEOPT UNPACKING pc=0x0000019707584bc2 sp=0x0000005e0b8fc530 mode 0
Event: 50.019 Thread 0x0000019773b05150 DEOPT PACKING pc=0x0000019700f86221 sp=0x0000005e0b8fcfc0
Event: 50.019 Thread 0x0000019773b05150 DEOPT UNPACKING pc=0x0000019707584bc2 sp=0x0000005e0b8fc530 mode 0
Event: 50.077 Thread 0x0000019773b05150 DEOPT PACKING pc=0x0000019700f86221 sp=0x0000005e0b8fcfc0
Event: 50.077 Thread 0x0000019773b05150 DEOPT UNPACKING pc=0x0000019707584bc2 sp=0x0000005e0b8fc530 mode 0
Event: 50.361 Thread 0x0000019773b05150 DEOPT PACKING pc=0x0000019700f86221 sp=0x0000005e0b8fcfc0
Event: 50.361 Thread 0x0000019773b05150 DEOPT UNPACKING pc=0x0000019707584bc2 sp=0x0000005e0b8fc530 mode 0
Event: 50.442 Thread 0x0000019773b05150 DEOPT PACKING pc=0x0000019700f86221 sp=0x0000005e0b8fcff0
Event: 50.442 Thread 0x0000019773b05150 DEOPT UNPACKING pc=0x0000019707584bc2 sp=0x0000005e0b8fc560 mode 0
Event: 50.608 Thread 0x0000019773b05150 DEOPT PACKING pc=0x0000019700f86221 sp=0x0000005e0b8fcff0
Event: 50.608 Thread 0x0000019773b05150 DEOPT UNPACKING pc=0x0000019707584bc2 sp=0x0000005e0b8fc560 mode 0
Event: 50.692 Thread 0x0000019773b05150 DEOPT PACKING pc=0x0000019700f86221 sp=0x0000005e0b8fcff0
Event: 50.693 Thread 0x0000019773b05150 DEOPT UNPACKING pc=0x0000019707584bc2 sp=0x0000005e0b8fc560 mode 0

Classes loaded (20 events):
Event: 35.329 Loading class java/lang/invoke/MethodHandleImpl$Makers
Event: 35.331 Loading class java/lang/invoke/MethodHandleImpl$Makers done
Event: 35.331 Loading class java/lang/invoke/MethodHandleImpl$Makers$1
Event: 35.332 Loading class java/lang/invoke/MethodHandleImpl$Makers$1 done
Event: 35.332 Loading class java/lang/invoke/MethodHandleImpl$Makers$2
Event: 35.333 Loading class java/lang/invoke/MethodHandleImpl$Makers$2 done
Event: 35.333 Loading class java/lang/invoke/MethodHandleImpl$Makers$3
Event: 35.333 Loading class java/lang/invoke/MethodHandleImpl$Makers$3 done
Event: 35.378 Loading class java/lang/runtime/ObjectMethods$1
Event: 35.389 Loading class java/lang/runtime/ObjectMethods$1 done
Event: 35.434 Loading class java/lang/invoke/DirectMethodHandle$1
Event: 35.440 Loading class java/lang/invoke/DirectMethodHandle$1 done
Event: 35.937 Loading class java/util/EnumMap$Values
Event: 35.978 Loading class java/util/EnumMap$Values done
Event: 35.978 Loading class java/util/EnumMap$ValueIterator
Event: 35.978 Loading class java/util/EnumMap$EnumMapIterator
Event: 35.981 Loading class java/util/EnumMap$EnumMapIterator done
Event: 35.981 Loading class java/util/EnumMap$ValueIterator done
Event: 36.006 Loading class java/util/WeakHashMap$KeyIterator
Event: 36.028 Loading class java/util/WeakHashMap$KeyIterator done

Classes unloaded (0 events):
No events

Classes redefined (0 events):
No events

Internal exceptions (20 events):
Event: 35.406 Thread 0x0000019773b05150 Exception <a 'java/lang/NoSuchMethodError'{0x000000008d67f148}: 'int java.lang.invoke.DirectMethodHandle$Holder.invokeStaticInit(java.lang.Object, long, long)'> (0x000000008d67f148) 
thrown [s\src\hotspot\share\interpreter\linkResolver.cpp, line 773]
Event: 35.409 Thread 0x0000019773b05150 Exception <a 'java/lang/NoSuchMethodError'{0x000000008d686298}: 'int java.lang.invoke.DirectMethodHandle$Holder.invokeStaticInit(java.lang.Object, float, float)'> (0x000000008d686298) 
thrown [s\src\hotspot\share\interpreter\linkResolver.cpp, line 773]
Event: 35.421 Thread 0x0000019773b05150 Exception <a 'java/lang/NoSuchMethodError'{0x000000008d68d188}: 'int java.lang.invoke.DirectMethodHandle$Holder.invokeStaticInit(java.lang.Object, double, double)'> (0x000000008d68d188) 
thrown [s\src\hotspot\share\interpreter\linkResolver.cpp, line 773]
Event: 35.425 Thread 0x0000019773b05150 Exception <a 'java/lang/NoSuchMethodError'{0x000000008d691b18}: 'int java.lang.invoke.DirectMethodHandle$Holder.invokeStatic(java.lang.Object, long)'> (0x000000008d691b18) 
thrown [s\src\hotspot\share\interpreter\linkResolver.cpp, line 773]
Event: 35.498 Thread 0x0000019773b05150 Exception <a 'java/lang/NoSuchMethodError'{0x000000008d6b0490}: 'int java.lang.invoke.Invokers$Holder.linkToTargetMethod(java.lang.Object, java.lang.Object)'> (0x000000008d6b0490) 
thrown [s\src\hotspot\share\interpreter\linkResolver.cpp, line 773]
Event: 35.543 Thread 0x0000019773b05150 Exception <a 'sun/nio/fs/WindowsException'{0x000000008d6b7c20}> (0x000000008d6b7c20) 
thrown [s\src\hotspot\share\prims\jni.cpp, line 520]
Event: 35.543 Thread 0x0000019773b05150 Exception <a 'sun/nio/fs/WindowsException'{0x000000008d6b8368}> (0x000000008d6b8368) 
thrown [s\src\hotspot\share\prims\jni.cpp, line 520]
Event: 35.544 Thread 0x0000019773b05150 Exception <a 'sun/nio/fs/WindowsException'{0x000000008d6b8ea8}> (0x000000008d6b8ea8) 
thrown [s\src\hotspot\share\prims\jni.cpp, line 520]
Event: 35.551 Thread 0x0000019773b05150 Exception <a 'sun/nio/fs/WindowsException'{0x000000008d6b96b0}> (0x000000008d6b96b0) 
thrown [s\src\hotspot\share\prims\jni.cpp, line 520]
Event: 35.896 Thread 0x0000019773b05150 Exception <a 'sun/nio/fs/WindowsException'{0x000000009216d8e0}> (0x000000009216d8e0) 
thrown [s\src\hotspot\share\prims\jni.cpp, line 520]
Event: 35.896 Thread 0x0000019773b05150 Exception <a 'sun/nio/fs/WindowsException'{0x000000009216e020}> (0x000000009216e020) 
thrown [s\src\hotspot\share\prims\jni.cpp, line 520]
Event: 35.897 Thread 0x0000019773b05150 Exception <a 'sun/nio/fs/WindowsException'{0x000000009216eb28}> (0x000000009216eb28) 
thrown [s\src\hotspot\share\prims\jni.cpp, line 520]
Event: 35.902 Thread 0x0000019773b05150 Exception <a 'sun/nio/fs/WindowsException'{0x000000009216f320}> (0x000000009216f320) 
thrown [s\src\hotspot\share\prims\jni.cpp, line 520]
Event: 37.336 Thread 0x0000019773b05150 Exception <a 'sun/nio/fs/WindowsException'{0x0000000090c60158}> (0x0000000090c60158) 
thrown [s\src\hotspot\share\prims\jni.cpp, line 520]
Event: 37.336 Thread 0x0000019773b05150 Exception <a 'sun/nio/fs/WindowsException'{0x0000000090c60830}> (0x0000000090c60830) 
thrown [s\src\hotspot\share\prims\jni.cpp, line 520]
Event: 37.372 Thread 0x0000019773b05150 Exception <a 'sun/nio/fs/WindowsException'{0x0000000090c71260}> (0x0000000090c71260) 
thrown [s\src\hotspot\share\prims\jni.cpp, line 520]
Event: 49.805 Thread 0x0000019773b05150 Exception <a 'sun/nio/fs/WindowsException'{0x000000008f79b490}> (0x000000008f79b490) 
thrown [s\src\hotspot\share\prims\jni.cpp, line 520]
Event: 49.824 Thread 0x0000019773b05150 Exception <a 'sun/nio/fs/WindowsException'{0x000000008f631bf0}> (0x000000008f631bf0) 
thrown [s\src\hotspot\share\prims\jni.cpp, line 520]
Event: 50.775 Thread 0x0000019773b05150 Exception <a 'sun/nio/fs/WindowsException'{0x000000008ede0c78}> (0x000000008ede0c78) 
thrown [s\src\hotspot\share\prims\jni.cpp, line 520]
Event: 50.776 Thread 0x0000019773b05150 Exception <a 'sun/nio/fs/WindowsException'{0x000000008ede19c8}> (0x000000008ede19c8) 
thrown [s\src\hotspot\share\prims\jni.cpp, line 520]

ZGC Phase Switch (0 events):
No events

VM Operations (20 events):
Event: 34.967 Executing VM operation: HandshakeAllThreads (Deoptimize)
Event: 34.967 Executing VM operation: HandshakeAllThreads (Deoptimize) done
Event: 35.349 Executing VM operation: ICBufferFull
Event: 35.349 Executing VM operation: ICBufferFull done
Event: 35.678 Executing VM operation: G1CollectForAllocation (G1 Evacuation Pause)
Event: 35.721 Executing VM operation: G1CollectForAllocation (G1 Evacuation Pause) done
Event: 36.722 Executing VM operation: Cleanup
Event: 36.722 Executing VM operation: Cleanup done
Event: 37.723 Executing VM operation: Cleanup
Event: 37.724 Executing VM operation: Cleanup done
Event: 38.728 Executing VM operation: Cleanup
Event: 38.728 Executing VM operation: Cleanup done
Event: 47.798 Executing VM operation: Cleanup
Event: 47.798 Executing VM operation: Cleanup done
Event: 48.806 Executing VM operation: Cleanup
Event: 48.806 Executing VM operation: Cleanup done
Event: 49.807 Executing VM operation: Cleanup
Event: 49.807 Executing VM operation: Cleanup done
Event: 50.811 Executing VM operation: Cleanup
Event: 50.812 Executing VM operation: Cleanup done

Memory protections (0 events):
No events

Nmethod flushes (0 events):
No events

Events (20 events):
Event: 3.036 Thread 0x000001977d507a60 Thread exited: 0x000001977d507a60
Event: 3.546 Thread 0x000001977d23d140 Thread exited: 0x000001977d23d140
Event: 6.251 Thread 0x000001977c3c4980 Thread added: 0x000001977db47930
Event: 6.475 Thread 0x0000019773b05150 Thread added: 0x000001977c92e950
Event: 6.759 Thread 0x000001977db47930 Thread exited: 0x000001977db47930
Event: 6.823 Thread 0x000001977c3c6130 Thread added: 0x000001977db47930
Event: 6.873 Thread 0x000001977c3c6130 Thread added: 0x000001977d2b83a0
Event: 8.052 Thread 0x000001977d2b83a0 Thread exited: 0x000001977d2b83a0
Event: 15.365 Thread 0x000001977db47930 Thread exited: 0x000001977db47930
Event: 22.036 Thread 0x000001977c3c4980 Thread added: 0x000001977db47930
Event: 22.350 Thread 0x000001977db47930 Thread exited: 0x000001977db47930
Event: 25.580 Thread 0x000001977c3c6130 Thread added: 0x000001977f028b10
Event: 25.950 Thread 0x000001977c3c6130 Thread added: 0x000001977f027d70
Event: 26.975 Thread 0x000001977f027d70 Thread exited: 0x000001977f027d70
Event: 26.981 Thread 0x000001977f028b10 Thread exited: 0x000001977f028b10
Event: 32.226 Thread 0x000001977c3c4980 Thread added: 0x000001977f0276a0
Event: 32.336 Thread 0x000001977f0276a0 Thread exited: 0x000001977f0276a0
Event: 37.991 Thread 0x000001977c3c6130 Thread added: 0x000001977f0276a0
Event: 40.288 Thread 0x000001977f0276a0 Thread exited: 0x000001977f0276a0
Event: 50.871 Thread 0x000001977c3c6130 Thread added: 0x000001977f0276a0


Dynamic libraries:
0x00007ff7d0640000 - 0x00007ff7d064e000 	C:\Users\vigne\.p2\pool\plugins\org.eclipse.justj.openjdk.hotspot.jre.full.win32.x86_64_21.0.9.v20251105-0741\jre\bin\java.exe
0x00007fff5c5e0000 - 0x00007fff5c846000 	C:\WINDOWS\SYSTEM32\ntdll.dll
0x00007ffee74e0000 - 0x00007ffee7501000 	C:\Program Files\Avast Software\Avast\aswhook.dll
0x00007fff5bcc0000 - 0x00007fff5bd89000 	C:\WINDOWS\System32\KERNEL32.DLL
0x00007fff59dd0000 - 0x00007fff5a1ca000 	C:\WINDOWS\System32\KERNELBASE.dll
0x00007fff59b40000 - 0x00007fff59c8c000 	C:\WINDOWS\System32\ucrtbase.dll
0x00007fff379b0000 - 0x00007fff379c8000 	C:\Users\vigne\.p2\pool\plugins\org.eclipse.justj.openjdk.hotspot.jre.full.win32.x86_64_21.0.9.v20251105-0741\jre\bin\jli.dll
0x00007fff21260000 - 0x00007fff2127e000 	C:\Users\vigne\.p2\pool\plugins\org.eclipse.justj.openjdk.hotspot.jre.full.win32.x86_64_21.0.9.v20251105-0741\jre\bin\VCRUNTIME140.dll
0x00007fff5a350000 - 0x00007fff5a517000 	C:\WINDOWS\System32\USER32.dll
0x00007fff3b880000 - 0x00007fff3bb12000 	C:\WINDOWS\WinSxS\amd64_microsoft.windows.common-controls_6595b64144ccf1df_6.0.26100.8521_none_3e08b75ce33403b3\COMCTL32.dll
0x00007fff59920000 - 0x00007fff59947000 	C:\WINDOWS\System32\win32u.dll
0x00007fff5ae20000 - 0x00007fff5aec9000 	C:\WINDOWS\System32\msvcrt.dll
0x00007fff5a600000 - 0x00007fff5a62b000 	C:\WINDOWS\System32\GDI32.dll
0x00007fff59a10000 - 0x00007fff59b3b000 	C:\WINDOWS\System32\gdi32full.dll
0x00007fff59c90000 - 0x00007fff59d33000 	C:\WINDOWS\System32\msvcp_win.dll
0x00007fff5ac50000 - 0x00007fff5ac82000 	C:\WINDOWS\System32\IMM32.DLL
0x00007fff36430000 - 0x00007fff3643c000 	C:\Users\vigne\.p2\pool\plugins\org.eclipse.justj.openjdk.hotspot.jre.full.win32.x86_64_21.0.9.v20251105-0741\jre\bin\vcruntime140_1.dll
0x00007ffecc190000 - 0x00007ffecc21d000 	C:\Users\vigne\.p2\pool\plugins\org.eclipse.justj.openjdk.hotspot.jre.full.win32.x86_64_21.0.9.v20251105-0741\jre\bin\msvcp140.dll
0x00007ffe99cd0000 - 0x00007ffe9aa70000 	C:\Users\vigne\.p2\pool\plugins\org.eclipse.justj.openjdk.hotspot.jre.full.win32.x86_64_21.0.9.v20251105-0741\jre\bin\server\jvm.dll
0x00007fff5c300000 - 0x00007fff5c3b6000 	C:\WINDOWS\System32\ADVAPI32.dll
0x00007fff5a710000 - 0x00007fff5a7ba000 	C:\WINDOWS\System32\sechost.dll
0x00007fff5bd90000 - 0x00007fff5bea8000 	C:\WINDOWS\System32\RPCRT4.dll
0x00007fff5ac90000 - 0x00007fff5ad10000 	C:\WINDOWS\System32\WS2_32.dll
0x00007fff596f0000 - 0x00007fff5974e000 	C:\WINDOWS\SYSTEM32\POWRPROF.dll
0x00007fff523d0000 - 0x00007fff523db000 	C:\WINDOWS\SYSTEM32\VERSION.dll
0x00007fff52390000 - 0x00007fff523c6000 	C:\WINDOWS\SYSTEM32\WINMM.dll
0x00007fff596d0000 - 0x00007fff596e4000 	C:\WINDOWS\SYSTEM32\UMPDC.dll
0x00007fff58600000 - 0x00007fff5861b000 	C:\WINDOWS\SYSTEM32\kernel.appcore.dll
0x00007fff4bd70000 - 0x00007fff4bd7a000 	C:\Users\vigne\.p2\pool\plugins\org.eclipse.justj.openjdk.hotspot.jre.full.win32.x86_64_21.0.9.v20251105-0741\jre\bin\jimage.dll
0x00007fff4d120000 - 0x00007fff4d362000 	C:\WINDOWS\SYSTEM32\DBGHELP.DLL
0x00007fff5b0a0000 - 0x00007fff5b423000 	C:\WINDOWS\System32\combase.dll
0x00007fff5bbe0000 - 0x00007fff5bcb9000 	C:\WINDOWS\System32\OLEAUT32.dll
0x00007fff4c270000 - 0x00007fff4c2ab000 	C:\WINDOWS\SYSTEM32\dbgcore.DLL
0x00007fff59870000 - 0x00007fff59918000 	C:\WINDOWS\System32\bcryptPrimitives.dll
0x00007fff458f0000 - 0x00007fff45910000 	C:\Users\vigne\.p2\pool\plugins\org.eclipse.justj.openjdk.hotspot.jre.full.win32.x86_64_21.0.9.v20251105-0741\jre\bin\java.dll
0x00007fff5b430000 - 0x00007fff5bbb4000 	C:\WINDOWS\System32\SHELL32.dll
0x00007fff57400000 - 0x00007fff57c80000 	C:\WINDOWS\SYSTEM32\windows.storage.dll
0x00007fff5c1b0000 - 0x00007fff5c2a6000 	C:\WINDOWS\System32\SHCORE.dll
0x00007fff5c140000 - 0x00007fff5c1a7000 	C:\WINDOWS\System32\shlwapi.dll
0x00007fff59790000 - 0x00007fff597b9000 	C:\WINDOWS\SYSTEM32\profapi.dll
0x00007fff364b0000 - 0x00007fff364c8000 	C:\Users\vigne\.p2\pool\plugins\org.eclipse.justj.openjdk.hotspot.jre.full.win32.x86_64_21.0.9.v20251105-0741\jre\bin\zip.dll
0x00007fff4bd50000 - 0x00007fff4bd60000 	C:\Users\vigne\.p2\pool\plugins\org.eclipse.justj.openjdk.hotspot.jre.full.win32.x86_64_21.0.9.v20251105-0741\jre\bin\net.dll
0x00007fff4fe40000 - 0x00007fff4ff69000 	C:\WINDOWS\SYSTEM32\WINHTTP.dll
0x00007fff58b70000 - 0x00007fff58bdc000 	C:\WINDOWS\system32\mswsock.dll
0x00007fff36490000 - 0x00007fff364a6000 	C:\Users\vigne\.p2\pool\plugins\org.eclipse.justj.openjdk.hotspot.jre.full.win32.x86_64_21.0.9.v20251105-0741\jre\bin\nio.dll
0x00007fff404b0000 - 0x00007fff404d4000 	C:\Users\vigne\.m2\wrapper\dists\apache-maven-3.9.16\0daed3be3ebd1c706f0e69e8b07c6b73f5cc4ea3dfce72a8d0ec2e849ca2ddb0\lib\jansi-native\Windows\x86_64\jansi.dll
0x00007fff3b540000 - 0x00007fff3b550000 	C:\Users\vigne\.p2\pool\plugins\org.eclipse.justj.openjdk.hotspot.jre.full.win32.x86_64_21.0.9.v20251105-0741\jre\bin\verify.dll
0x00007fff58720000 - 0x00007fff58756000 	C:\WINDOWS\SYSTEM32\ntmarta.dll

JVMTI agents: none

dbghelp: loaded successfully - version: 4.0.5 - missing functions: none
symbol engine: initialized successfully - sym options: 0x614 - pdb path: .;C:\Users\vigne\.p2\pool\plugins\org.eclipse.justj.openjdk.hotspot.jre.full.win32.x86_64_21.0.9.v20251105-0741\jre\bin;C:\WINDOWS\SYSTEM32;C:\Program Files\Avast Software\Avast;C:\WINDOWS\WinSxS\amd64_microsoft.windows.common-controls_6595b64144ccf1df_6.0.26100.8521_none_3e08b75ce33403b3;C:\Users\vigne\.p2\pool\plugins\org.eclipse.justj.openjdk.hotspot.jre.full.win32.x86_64_21.0.9.v20251105-0741\jre\bin\server;C:\Users\vigne\.m2\wrapper\dists\apache-maven-3.9.16\0daed3be3ebd1c706f0e69e8b07c6b73f5cc4ea3dfce72a8d0ec2e849ca2ddb0\lib\jansi-native\Windows\x86_64

VM Arguments:
jvm_args: --enable-native-access=ALL-UNNAMED -Dclassworlds.conf=C:\Users\vigne\.m2\wrapper\dists\apache-maven-3.9.16\0daed3be3ebd1c706f0e69e8b07c6b73f5cc4ea3dfce72a8d0ec2e849ca2ddb0\bin\m2.conf -Dmaven.home=C:\Users\vigne\.m2\wrapper\dists\apache-maven-3.9.16\0daed3be3ebd1c706f0e69e8b07c6b73f5cc4ea3dfce72a8d0ec2e849ca2ddb0 -Dlibrary.jansi.path=C:\Users\vigne\.m2\wrapper\dists\apache-maven-3.9.16\0daed3be3ebd1c706f0e69e8b07c6b73f5cc4ea3dfce72a8d0ec2e849ca2ddb0\lib\jansi-native -Dmaven.multiModuleProjectDirectory=C:\Users\vigne\git\spring-boot-microservices-aws\notification-service\notification-service 
java_command: org.codehaus.plexus.classworlds.launcher.Launcher clean package -DskipTests
java_class_path (initial): C:\Users\vigne\.m2\wrapper\dists\apache-maven-3.9.16\0daed3be3ebd1c706f0e69e8b07c6b73f5cc4ea3dfce72a8d0ec2e849ca2ddb0\boot\plexus-classworlds-2.11.0.jar
Launcher Type: SUN_STANDARD

[Global flags]
     intx CICompilerCount                          = 4                                         {product} {ergonomic}
     uint ConcGCThreads                            = 2                                         {product} {ergonomic}
     uint G1ConcRefinementThreads                  = 8                                         {product} {ergonomic}
   size_t G1HeapRegionSize                         = 1048576                                   {product} {ergonomic}
    uintx GCDrainStackTargetSize                   = 64                                        {product} {ergonomic}
   size_t InitialHeapSize                          = 123731968                                 {product} {ergonomic}
   size_t MarkStackSize                            = 4194304                                   {product} {ergonomic}
   size_t MaxHeapSize                              = 1967128576                                {product} {ergonomic}
   size_t MaxNewSize                               = 1179648000                                {product} {ergonomic}
   size_t MinHeapDeltaBytes                        = 1048576                                   {product} {ergonomic}
   size_t MinHeapSize                              = 8388608                                   {product} {ergonomic}
    uintx NonNMethodCodeHeapSize                   = 5839372                                {pd product} {ergonomic}
    uintx NonProfiledCodeHeapSize                  = 122909434                              {pd product} {ergonomic}
    uintx ProfiledCodeHeapSize                     = 122909434                              {pd product} {ergonomic}
    uintx ReservedCodeCacheSize                    = 251658240                              {pd product} {ergonomic}
     bool SegmentedCodeCache                       = true                                      {product} {ergonomic}
   size_t SoftMaxHeapSize                          = 1967128576                             {manageable} {ergonomic}
     bool UseCompressedOops                        = true                           {product lp64_product} {ergonomic}
     bool UseG1GC                                  = true                                      {product} {ergonomic}
     bool UseLargePagesIndividualAllocation        = false                                  {pd product} {ergonomic}

Logging:
Log output configuration:
 #0: stdout all=warning uptime,level,tags foldmultilines=false
 #1: stderr all=off uptime,level,tags foldmultilines=false

Release file:
JAVA_VERSION="21.0.9" 
MODULES="java.base java.compiler java.datatransfer java.xml java.prefs java.desktop java.instrument java.logging java.management java.security.sasl java.naming java.rmi java.management.rmi java.net.http java.scripting java.security.jgss java.transaction.xa java.sql java.sql.rowset java.xml.crypto java.se java.smartcardio jdk.accessibility jdk.internal.jvmstat jdk.attach jdk.charsets jdk.internal.opt jdk.zipfs jdk.compiler jdk.crypto.ec jdk.crypto.cryptoki jdk.crypto.mscapi jdk.dynalink jdk.internal.ed jdk.editpad jdk.hotspot.agent jdk.httpserver jdk.internal.le jdk.internal.vm.ci jdk.internal.vm.compiler jdk.internal.vm.compiler.management jdk.jartool jdk.javadoc jdk.jcmd jdk.management jdk.management.agent jdk.jconsole jdk.jdeps jdk.jdwp.agent jdk.jdi jdk.jfr jdk.jshell jdk.jsobject jdk.jstatd jdk.localedata jdk.management.jfr jdk.naming.dns jdk.naming.rmi jdk.net jdk.nio.mapmode jdk.random jdk.sctp jdk.security.auth jdk.security.jgss jdk.unsupported jdk.unsupported.desktop jdk.xml.dom" 

Environment Variables:
PATH=C:/Users/vigne/.p2/pool/plugins/org.eclipse.justj.openjdk.hotspot.jre.full.win32.x86_64_21.0.9.v20251105-0741/jre/bin/server;C:/Users/vigne/.p2/pool/plugins/org.eclipse.justj.openjdk.hotspot.jre.full.win32.x86_64_21.0.9.v20251105-0741/jre/bin;C:\Python314\Scripts\;C:\Python314\;C:\Program Files\Common Files\Oracle\Java\javapath;C:\Program Files (x86)\Common Files\Oracle\Java\java8path;C:\Program Files (x86)\Common Files\Oracle\Java\javapath;C:\WINDOWS\system32;C:\WINDOWS;C:\WINDOWS\System32\Wbem;C:\WINDOWS\System32\WindowsPowerShell\v1.0\;C:\WINDOWS\System32\OpenSSH\;C:\Program Files\MySQL\MySQL Workbench 8.0 CE;C:\Users\vigne\Downloads\apache-maven-3.9.11-bin\apache-maven-3.9.11\bin;C:\Program Files\nodejs\;C:\ProgramData\chocolatey\bin;C:\WINDOWS\system32;C:\WINDOWS;C:\WINDOWS\System32\Wbem;C:\WINDOWS\System32\WindowsPowerShell\v1.0\;C:\WINDOWS\System32\OpenSSH\;C:\Program Files\Git\cmd;C:\Program Files\Maven\apache-maven-3.9.16\apache-maven-3.9.16\bin;;C:\Program Files\Docker\Docker\resources\bin;C:\Users\vigne\AppData\Local\Microsoft\WindowsApps;C:\Users\vigne\AppData\Local\Programs\Microsoft VS Code\bin;C:\Users\vigne\AppData\Roaming\npm;C:\WINDOWS\System32;
USERNAME=vigne
TERM=xterm
OS=Windows_NT
PROCESSOR_IDENTIFIER=AMD64 Family 23 Model 104 Stepping 1, AuthenticAMD
TMP=C:\Users\vigne\AppData\Local\Temp
TEMP=C:\Users\vigne\AppData\Local\Temp




Periodic native trim disabled

---------------  S Y S T E M  ---------------

OS:
 Windows 11 , 64 bit Build 26100 (10.0.26100.8521)
OS uptime: 0 days 22:58 hours
Hyper-V role detected

CPU: total 8 (initial active 8) (8 cores per cpu, 2 threads per core) family 23 model 104 stepping 1 microcode 0x8608109, cx8, cmov, fxsr, ht, mmx, 3dnowpref, sse, sse2, sse3, ssse3, sse4a, sse4.1, sse4.2, popcnt, lzcnt, tsc, tscinvbit, avx, avx2, aes, clmul, bmi1, bmi2, adx, sha, fma, vzeroupper, clflush, clflushopt, hv, rdtscp, rdpid, f16c
Processor Information for the first 8 processors :
  Max Mhz: 2600, Current Mhz: 2003, Mhz Limit: 2600

Memory: 4k page, system-wide physical 7502M (660M free)
TotalPageFile size 19457M (AvailPageFile size 3M)
current process WorkingSet (physical memory assigned to process): 221M, peak: 251M
current process commit charge ("private bytes"): 307M, peak: 307M

vm_info: OpenJDK 64-Bit Server VM (21.0.9+10-LTS) for windows-amd64 JRE (21.0.9+10-LTS), built on 2025-10-21T00:00:00Z by "admin" with unknown MS VC++:1942

END.
